Distance from 6 to 4 is 1361
Distance from 6 to 3 is 1008
Distance from 6 to 8 is 699
Distance from 6 to 6 is 0
Distance from 6 to 0 is 797
Distance from 6 to 1 is 1204
Distance from 6 to 9 is 1287
Distance from 6 to 7 is 413
Distance from 6 to 2 is 743
Distance from 6 to 5 is 1184
