Distance from 441 to 424 is 1819
Distance from 441 to 489 is 3426
Distance from 441 to 274 is 2437
Distance from 441 to 165 is 2900
Distance from 441 to 118 is 3543
Distance from 441 to 250 is 1343
Distance from 441 to 752 is 3568
Distance from 441 to 170 is 1894
Distance from 441 to 566 is 2199
Distance from 441 to 515 is 1316
Distance from 441 to 627 is 562
Distance from 441 to 795 is 1844
Distance from 441 to 65 is 2618
No path from 441 to 725 was found
Distance from 441 to 587 is 2519
Distance from 441 to 655 is 2723
Distance from 441 to 263 is 2629
Distance from 441 to 247 is 2529
Distance from 441 to 782 is 2728
Distance from 441 to 366 is 1285
Distance from 441 to 431 is 3847
No path from 441 to 280 was found
Distance from 441 to 626 is 2462
Distance from 441 to 88 is 1599
Distance from 441 to 185 is 2460
Distance from 441 to 107 is 2293
Distance from 441 to 439 is 2015
Distance from 441 to 444 is 1167
Distance from 441 to 866 is 2918
Distance from 441 to 144 is 2345
Distance from 441 to 419 is 2505
Distance from 441 to 841 is 4016
Distance from 441 to 955 is 2637
Distance from 441 to 42 is 3139
Distance from 441 to 964 is 2824
Distance from 441 to 889 is 2212
Distance from 441 to 848 is 2047
Distance from 441 to 618 is 2342
Distance from 441 to 388 is 2844
Distance from 441 to 310 is 2883
Distance from 441 to 649 is 2220
Distance from 441 to 855 is 2084
Distance from 441 to 356 is 2593
Distance from 441 to 500 is 2488
Distance from 441 to 551 is 3060
Distance from 441 to 787 is 2387
Distance from 441 to 101 is 2726
Distance from 441 to 304 is 2080
Distance from 441 to 968 is 2475
Distance from 441 to 283 is 2390
Distance from 441 to 563 is 2648
Distance from 441 to 880 is 2240
Distance from 441 to 982 is 1703
Distance from 441 to 772 is 2634
Distance from 441 to 3 is 4123
Distance from 441 to 678 is 1798
No path from 441 to 131 was found
Distance from 441 to 422 is 3455
Distance from 441 to 181 is 2915
No path from 441 to 328 was found
Distance from 441 to 646 is 2391
Distance from 441 to 738 is 1869
Distance from 441 to 416 is 2325
Distance from 441 to 50 is 1189
Distance from 441 to 580 is 3027
Distance from 441 to 284 is 3595
Distance from 441 to 347 is 2586
Distance from 441 to 381 is 2510
Distance from 441 to 330 is 2898
Distance from 441 to 202 is 3129
Distance from 441 to 940 is 1868
Distance from 441 to 238 is 2770
Distance from 441 to 362 is 3360
Distance from 441 to 696 is 5312
Distance from 441 to 611 is 2716
Distance from 441 to 764 is 2004
Distance from 441 to 243 is 2083
Distance from 441 to 122 is 2698
Distance from 441 to 74 is 3891
Distance from 441 to 936 is 3062
Distance from 441 to 520 is 3041
Distance from 441 to 854 is 2702
Distance from 441 to 727 is 1656
Distance from 441 to 29 is 2390
Distance from 441 to 105 is 1863
Distance from 441 to 143 is 1511
Distance from 441 to 549 is 3111
Distance from 441 to 510 is 3434
Distance from 441 to 285 is 2665
Distance from 441 to 582 is 2512
Distance from 441 to 907 is 2267
Distance from 441 to 397 is 2880
Distance from 441 to 302 is 2584
No path from 441 to 391 was found
Distance from 441 to 615 is 2205
Distance from 441 to 279 is 1191
Distance from 441 to 818 is 3363
Distance from 441 to 55 is 2391
Distance from 441 to 829 is 2001
Distance from 441 to 885 is 2113
