Distance from 49 to 55 is 2357
No path from 49 to 54 was found
Distance from 49 to 47 is 1407
Distance from 49 to 50 is 1582
Distance from 49 to 43 is 1129
Distance from 49 to 75 is 1937
Distance from 49 to 12 is 1825
Distance from 49 to 71 is 1947
Distance from 49 to 89 is 1326
No path from 49 to 7 was found
Distance from 49 to 28 is 2071
Distance from 49 to 56 is 1249
Distance from 49 to 27 is 798
Distance from 49 to 57 is 1347
Distance from 49 to 11 is 1240
Distance from 49 to 15 is 1788
Distance from 49 to 69 is 1320
Distance from 49 to 85 is 3234
No path from 49 to 64 was found
Distance from 49 to 82 is 1705
Distance from 49 to 94 is 1419
Distance from 49 to 33 is 1485
No path from 49 to 37 was found
Distance from 49 to 68 is 1692
Distance from 49 to 97 is 1627
Distance from 49 to 22 is 366
Distance from 49 to 13 is 2147
Distance from 49 to 78 is 1591
Distance from 49 to 88 is 1061
Distance from 49 to 46 is 1987
Distance from 49 to 30 is 1741
Distance from 49 to 63 is 1731
Distance from 49 to 23 is 1786
Distance from 49 to 4 is 789
Distance from 49 to 62 is 1591
Distance from 49 to 0 is 928
Distance from 49 to 76 is 2327
Distance from 49 to 38 is 1423
Distance from 49 to 86 is 1436
Distance from 49 to 60 is 1808
Distance from 49 to 26 is 1813
Distance from 49 to 1 is 1528
Distance from 49 to 72 is 2484
Distance from 49 to 52 is 1838
Distance from 49 to 80 is 1673
Distance from 49 to 32 is 2164
Distance from 49 to 25 is 2131
Distance from 49 to 93 is 2118
Distance from 49 to 70 is 2232
Distance from 49 to 51 is 1688
Distance from 49 to 18 is 1747
Distance from 49 to 24 is 2028
Distance from 49 to 81 is 1988
Distance from 49 to 53 is 3112
Distance from 49 to 67 is 1730
Distance from 49 to 5 is 2208
Distance from 49 to 90 is 1250
Distance from 49 to 48 is 1729
Distance from 49 to 35 is 1693
Distance from 49 to 42 is 2323
Distance from 49 to 45 is 2235
Distance from 49 to 92 is 1723
Distance from 49 to 61 is 1278
Distance from 49 to 10 is 1461
Distance from 49 to 9 is 2538
Distance from 49 to 36 is 618
Distance from 49 to 96 is 1833
Distance from 49 to 3 is 1497
Distance from 49 to 17 is 2124
Distance from 49 to 91 is 1194
Distance from 49 to 95 is 1727
Distance from 49 to 44 is 1709
Distance from 49 to 77 is 1005
No path from 49 to 79 was found
Distance from 49 to 84 is 1904
Distance from 49 to 87 is 1575
Distance from 49 to 66 is 1275
Distance from 49 to 29 is 1672
No path from 49 to 40 was found
Distance from 49 to 41 is 1701
Distance from 49 to 58 is 2508
Distance from 49 to 74 is 1857
Distance from 49 to 65 is 1338
Distance from 49 to 59 is 1697
Distance from 49 to 14 is 1886
Distance from 49 to 20 is 1973
Distance from 49 to 34 is 522
Distance from 49 to 19 is 1819
Distance from 49 to 73 is 2191
Distance from 49 to 8 is 1321
Distance from 49 to 83 is 1381
Distance from 49 to 2 is 1875
Distance from 49 to 39 is 1442
Distance from 49 to 31 is 1424
Distance from 49 to 99 is 2096
Distance from 49 to 16 is 1470
Distance from 49 to 49 is 0
No path from 49 to 21 was found
Distance from 49 to 6 is 1161
Distance from 49 to 98 is 2058
