Distance from 101 to 2459 is 3469
Distance from 101 to 4782 is 2825
Distance from 101 to 5259 is 5521
Distance from 101 to 105 is 4003
Distance from 101 to 7707 is 3932
Distance from 101 to 1188 is 4592
Distance from 101 to 139 is 3640
Distance from 101 to 1863 is 3568
Distance from 101 to 840 is 2361
No path from 101 to 8745 was found
Distance from 101 to 8742 is 4667
Distance from 101 to 7038 is 3164
Distance from 101 to 2585 is 2403
Distance from 101 to 5573 is 2940
Distance from 101 to 9165 is 4653
Distance from 101 to 3033 is 3387
Distance from 101 to 8676 is 3461
Distance from 101 to 1102 is 4515
Distance from 101 to 7405 is 3454
Distance from 101 to 5234 is 3809
Distance from 101 to 1917 is 3768
Distance from 101 to 3163 is 4983
Distance from 101 to 8044 is 3856
Distance from 101 to 3470 is 3878
Distance from 101 to 7475 is 4077
Distance from 101 to 3644 is 4111
Distance from 101 to 8869 is 3119
Distance from 101 to 1204 is 3197
No path from 101 to 2152 was found
Distance from 101 to 3153 is 4729
Distance from 101 to 8644 is 3703
Distance from 101 to 1415 is 4842
Distance from 101 to 4739 is 4108
Distance from 101 to 1345 is 2392
Distance from 101 to 2597 is 2821
Distance from 101 to 2452 is 4156
Distance from 101 to 6598 is 3969
Distance from 101 to 6773 is 3371
Distance from 101 to 1541 is 4452
Distance from 101 to 5626 is 2750
Distance from 101 to 7639 is 4301
Distance from 101 to 2758 is 3772
Distance from 101 to 8336 is 2856
Distance from 101 to 7182 is 2981
No path from 101 to 747 was found
Distance from 101 to 8370 is 6259
Distance from 101 to 3613 is 3398
Distance from 101 to 9449 is 3633
Distance from 101 to 9161 is 3309
Distance from 101 to 5779 is 5017
Distance from 101 to 9719 is 4733
Distance from 101 to 7119 is 3733
Distance from 101 to 2394 is 2995
Distance from 101 to 3056 is 4236
Distance from 101 to 167 is 2688
Distance from 101 to 582 is 3383
Distance from 101 to 3077 is 4429
Distance from 101 to 3348 is 4180
Distance from 101 to 6523 is 3011
No path from 101 to 5933 was found
Distance from 101 to 2198 is 3960
Distance from 101 to 463 is 4015
Distance from 101 to 3851 is 3313
Distance from 101 to 3265 is 3709
Distance from 101 to 952 is 3620
Distance from 101 to 7604 is 4124
Distance from 101 to 1946 is 3677
Distance from 101 to 201 is 4116
Distance from 101 to 9713 is 5594
Distance from 101 to 5292 is 4475
No path from 101 to 1179 was found
Distance from 101 to 2575 is 3704
Distance from 101 to 3731 is 3541
Distance from 101 to 3790 is 2740
Distance from 101 to 9127 is 3942
Distance from 101 to 589 is 4141
Distance from 101 to 1558 is 2797
Distance from 101 to 9421 is 3672
Distance from 101 to 622 is 4241
Distance from 101 to 1865 is 4014
Distance from 101 to 3505 is 3396
Distance from 101 to 1835 is 4271
Distance from 101 to 9384 is 4662
Distance from 101 to 8700 is 4182
Distance from 101 to 7715 is 3907
Distance from 101 to 1230 is 4086
No path from 101 to 8774 was found
Distance from 101 to 6642 is 3254
No path from 101 to 86 was found
No path from 101 to 8734 was found
Distance from 101 to 4068 is 4109
Distance from 101 to 4167 is 4006
Distance from 101 to 9326 is 4591
Distance from 101 to 6639 is 3781
Distance from 101 to 8166 is 2977
Distance from 101 to 3065 is 3698
Distance from 101 to 4941 is 4095
Distance from 101 to 7689 is 4121
Distance from 101 to 6889 is 4914
Distance from 101 to 2267 is 3698
