Distance from 4 to 4 is 0
Distance from 4 to 2 is 802
Distance from 4 to 3 is 1310
Distance from 4 to 0 is 109
Distance from 4 to 1 is 847
