Distance from 156 to 31 is 1636
Distance from 156 to 340 is 2129
Distance from 156 to 424 is 1263
Distance from 156 to 481 is 2811
Distance from 156 to 58 is 1797
Distance from 156 to 195 is 2186
Distance from 156 to 351 is 2033
Distance from 156 to 280 is 2548
Distance from 156 to 450 is 2624
Distance from 156 to 236 is 2811
Distance from 156 to 390 is 1362
No path from 156 to 346 was found
Distance from 156 to 445 is 2206
Distance from 156 to 64 is 2147
Distance from 156 to 323 is 2585
Distance from 156 to 478 is 1714
Distance from 156 to 337 is 2185
Distance from 156 to 330 is 2476
Distance from 156 to 442 is 420
Distance from 156 to 494 is 3071
Distance from 156 to 241 is 3898
Distance from 156 to 106 is 2354
Distance from 156 to 267 is 2310
Distance from 156 to 157 is 1798
No path from 156 to 357 was found
Distance from 156 to 465 is 1880
Distance from 156 to 375 is 2403
Distance from 156 to 89 is 882
Distance from 156 to 108 is 1283
Distance from 156 to 170 is 2149
Distance from 156 to 439 is 2051
Distance from 156 to 7 is 2154
Distance from 156 to 95 is 1160
Distance from 156 to 467 is 1772
Distance from 156 to 111 is 982
Distance from 156 to 379 is 1709
Distance from 156 to 143 is 1461
Distance from 156 to 392 is 2267
Distance from 156 to 245 is 2045
Distance from 156 to 313 is 2074
Distance from 156 to 381 is 2174
No path from 156 to 167 was found
Distance from 156 to 59 is 1959
Distance from 156 to 414 is 1250
Distance from 156 to 274 is 2420
Distance from 156 to 217 is 1257
Distance from 156 to 370 is 1472
Distance from 156 to 145 is 1947
Distance from 156 to 49 is 2690
No path from 156 to 477 was found
Distance from 156 to 120 is 2597
Distance from 156 to 39 is 3483
Distance from 156 to 485 is 1824
Distance from 156 to 97 is 1772
No path from 156 to 368 was found
Distance from 156 to 325 is 2097
Distance from 156 to 224 is 1643
Distance from 156 to 130 is 2673
Distance from 156 to 83 is 2009
Distance from 156 to 273 is 2328
Distance from 156 to 452 is 1598
Distance from 156 to 219 is 2301
Distance from 156 to 288 is 1648
Distance from 156 to 263 is 2449
Distance from 156 to 281 is 240
Distance from 156 to 380 is 2140
Distance from 156 to 416 is 2570
Distance from 156 to 19 is 2192
Distance from 156 to 360 is 2495
No path from 156 to 163 was found
Distance from 156 to 374 is 2092
Distance from 156 to 115 is 1924
Distance from 156 to 386 is 2853
Distance from 156 to 138 is 2709
Distance from 156 to 216 is 1004
Distance from 156 to 174 is 2081
Distance from 156 to 286 is 1718
Distance from 156 to 430 is 1818
Distance from 156 to 402 is 1939
Distance from 156 to 127 is 2470
Distance from 156 to 403 is 2621
Distance from 156 to 152 is 1490
Distance from 156 to 6 is 2069
Distance from 156 to 301 is 1454
Distance from 156 to 186 is 1344
Distance from 156 to 279 is 2644
Distance from 156 to 199 is 1087
Distance from 156 to 461 is 1231
Distance from 156 to 348 is 1470
Distance from 156 to 28 is 2824
Distance from 156 to 336 is 1472
Distance from 156 to 47 is 2166
Distance from 156 to 72 is 2336
Distance from 156 to 209 is 1621
Distance from 156 to 29 is 2093
Distance from 156 to 344 is 2122
Distance from 156 to 136 is 2103
Distance from 156 to 265 is 1534
Distance from 156 to 483 is 1784
Distance from 156 to 354 is 2255
